Schema         Instance                 Flags  Msize  Dsize  UID    GID    Perm       Update            Duration          Info
-------------- ------------------------ ------ ------ ------ ------ ------ ---------- ----------------- ----------------- --------
vmstat         samplerd/vmstat             CL    7656   1216   1000   1000 -r--r----- 1634740046.001911          0.000127 "updt_hint_us"="1000000:0"
meminfo        samplerd/meminfo            CL    2896    536   1000   1000 -r--r----- 1634740046.001780          0.000068 "updt_hint_us"="1000000:0"
-------------- ------------------------ ------ ------ ------ ------ ------ ---------- ----------------- ----------------- --------
Total Sets: 2, Meta Data (kB): 10.55, Data (kB) 1.75, Memory (kB): 12.30

=======================================================================

samplerd/meminfo: consistent, last update: Wed Oct 20 09:27:26 2021 -0500 [1780us]
M u64        component_id                               1
D u64        job_id                                     0
D u64        app_id                                     0
D u64        MemTotal                                   16334396
D u64        MemFree                                    3758304
D u64        MemAvailable                               10747204
D u64        Buffers                                    1925468
D u64        Cached                                     4354012
D u64        SwapCached                                 22804
D u64        Active                                     8475048
D u64        Inactive                                   2443108
D u64        Active(anon)                               4491464
D u64        Inactive(anon)                             316872
D u64        Active(file)                               3983584
D u64        Inactive(file)                             2126236
D u64        Unevictable                                96
D u64        Mlocked                                    96
D u64        SwapTotal                                  2097148
D u64        SwapFree                                   1547168
D u64        Dirty                                      360
D u64        Writeback                                  4
D u64        AnonPages                                  4627052
D u64        Mapped                                     613540
D u64        Shmem                                      171412
D u64        KReclaimable                               1215056
D u64        Slab                                       1468184
D u64        SReclaimable                               1215056
D u64        SUnreclaim                                 253128
D u64        KernelStack                                14704
D u64        PageTables                                 43736
D u64        NFS_Unstable                               0
D u64        Bounce                                     0
D u64        WritebackTmp                               0
D u64        CommitLimit                                10264344
D u64        Committed_AS                               14427020
D u64        VmallocTotal                               34359738367
D u64        VmallocUsed                                37128
D u64        VmallocChunk                               0
D u64        Percpu                                     14048
D u64        HardwareCorrupted                          0
D u64        AnonHugePages                              0
D u64        ShmemHugePages                             0
D u64        ShmemPmdMapped                             0
D u64        FileHugePages                              0
D u64        FilePmdMapped                              0
D u64        CmaTotal                                   0
D u64        CmaFree                                    0
D u64        HugePages_Total                            0
D u64        HugePages_Free                             0
D u64        HugePages_Rsvd                             0
D u64        HugePages_Surp                             0
D u64        Hugepagesize                               2048
D u64        Hugetlb                                    0
D u64        DirectMap4k                                2251400
D u64        DirectMap2M                                14462976
D u64        DirectMap1G                                1048576

samplerd/vmstat: consistent, last update: Wed Oct 20 09:27:26 2021 -0500 [1911us]
M u64        component_id                               0
D u64        job_id                                     0
D u64        app_id                                     0
D u64        nr_free_pages                              939576
D u64        nr_zone_inactive_anon                      79218
D u64        nr_zone_active_anon                        1122866
D u64        nr_zone_inactive_file                      531559
D u64        nr_zone_active_file                        995896
D u64        nr_zone_unevictable                        24
D u64        nr_zone_write_pending                      91
D u64        nr_mlock                                   24
D u64        nr_page_table_pages                        10934
D u64        nr_kernel_stack                            14704
D u64        nr_bounce                                  0
D u64        nr_zspages                                 0
D u64        nr_free_cma                                0
D u64        numa_hit                                   3528260523
D u64        numa_miss                                  0
D u64        numa_foreign                               0
D u64        numa_interleave                            65394
D u64        numa_local                                 3528260523
D u64        numa_other                                 0
D u64        nr_inactive_anon                           79218
D u64        nr_active_anon                             1122866
D u64        nr_inactive_file                           531559
D u64        nr_active_file                             995896
D u64        nr_unevictable                             24
D u64        nr_slab_reclaimable                        303764
D u64        nr_slab_unreclaimable                      63282
D u64        nr_isolated_anon                           0
D u64        nr_isolated_file                           0
D u64        workingset_nodes                           1354
D u64        workingset_refault                         130890443
D u64        workingset_activate                        17806476
D u64        workingset_restore                         12786637
D u64        workingset_nodereclaim                     50237
D u64        nr_anon_pages                              1156763
D u64        nr_mapped                                  153385
D u64        nr_file_pages                              1575571
D u64        nr_dirty                                   90
D u64        nr_writeback                               1
D u64        nr_writeback_temp                          0
D u64        nr_shmem                                   42853
D u64        nr_shmem_hugepages                         0
D u64        nr_shmem_pmdmapped                         0
D u64        nr_file_hugepages                          0
D u64        nr_file_pmdmapped                          0
D u64        nr_anon_transparent_hugepages              0
D u64        nr_unstable                                0
D u64        nr_vmscan_write                            1141236
D u64        nr_vmscan_immediate_reclaim                143349
D u64        nr_dirtied                                 66463659
D u64        nr_written                                 63870157
D u64        nr_kernel_misc_reclaimable                 0
D u64        nr_dirty_threshold                         484935
D u64        nr_dirty_background_threshold              242171
D u64        pgpgin                                     537165421
D u64        pgpgout                                    319402512
D u64        pswpin                                     522454
D u64        pswpout                                    1107904
D u64        pgalloc_dma                                1
D u64        pgalloc_dma32                              373594953
D u64        pgalloc_normal                             3256087693
D u64        pgalloc_movable                            0
D u64        allocstall_dma                             0
D u64        allocstall_dma32                           0
D u64        allocstall_normal                          880
D u64        allocstall_movable                         43943
D u64        pgskip_dma                                 0
D u64        pgskip_dma32                               0
D u64        pgskip_normal                              0
D u64        pgskip_movable                             0
D u64        pgfree                                     3630639629
D u64        pgactivate                                 192283925
D u64        pgdeactivate                               93924653
D u64        pglazyfree                                 177236
D u64        pgfault                                    3365629064
D u64        pgmajfault                                 6111917
D u64        pglazyfreed                                11979
D u64        pgrefill                                   134474606
D u64        pgsteal_kswapd                             134894249
D u64        pgsteal_direct                             2051755
D u64        pgscan_kswapd                              269507889
D u64        pgscan_direct                              17956544
D u64        pgscan_direct_throttle                     0
D u64        zone_reclaim_failed                        0
D u64        pginodesteal                               4488
D u64        slabs_scanned                              15663824
D u64        kswapd_inodesteal                          1769366
D u64        kswapd_low_wmark_hit_quickly               7251
D u64        kswapd_high_wmark_hit_quickly              81436
D u64        pageoutrun                                 90150
D u64        pgrotated                                  946233
D u64        drop_pagecache                             0
D u64        drop_slab                                  0
D u64        oom_kill                                   2
D u64        numa_pte_updates                           0
D u64        numa_huge_pte_updates                      0
D u64        numa_hint_faults                           0
D u64        numa_hint_faults_local                     0
D u64        numa_pages_migrated                        0
D u64        pgmigrate_success                          12656
D u64        pgmigrate_fail                             881
D u64        compact_migrate_scanned                    16612
D u64        compact_free_scanned                       1238209
D u64        compact_isolated                           26277
D u64        compact_stall                              8
D u64        compact_fail                               8
D u64        compact_success                            0
D u64        compact_daemon_wake                        28
D u64        compact_daemon_migrate_scanned             16612
D u64        compact_daemon_free_scanned                1238209
D u64        htlb_buddy_alloc_success                   0
D u64        htlb_buddy_alloc_fail                      0
D u64        unevictable_pgs_culled                     68024
D u64        unevictable_pgs_scanned                    0
D u64        unevictable_pgs_rescued                    7340
D u64        unevictable_pgs_mlocked                    7367
D u64        unevictable_pgs_munlocked                  7342
D u64        unevictable_pgs_cleared                    1
D u64        unevictable_pgs_stranded                   1
D u64        thp_fault_alloc                            0
D u64        thp_fault_fallback                         0
D u64        thp_collapse_alloc                         1
D u64        thp_collapse_alloc_failed                  0
D u64        thp_file_alloc                             0
D u64        thp_file_mapped                            0
D u64        thp_split_page                             0
D u64        thp_split_page_failed                      0
D u64        thp_deferred_split_page                    1
D u64        thp_split_pmd                              0
D u64        thp_split_pud                              0
D u64        thp_zero_page_alloc                        0
D u64        thp_zero_page_alloc_failed                 0
D u64        thp_swpout                                 0
D u64        thp_swpout_fallback                        0
D u64        balloon_inflate                            0
D u64        balloon_deflate                            0
D u64        balloon_migrate                            0
D u64        swap_ra                                    145353
D u64        swap_ra_hit                                126926
